// Jest Snapshot v1, https://goo.gl/fbAQLP

exports[`ResultsByGameTitle should render correctly 1`] = `
<div
  className="results-by-gametime"
/>
`;
