// Jest Snapshot v1, https://goo.gl/fbAQLP

exports[`ResultsByUsername should render correctly 1`] = `
<ResultsByUsername__FlexTableContainer>
  <ResultsByUsername__FlexTableColumn
    className="flex-table-header"
  >
    <ResultsByUsername__FlexTableRow>
      player
    </ResultsByUsername__FlexTableRow>
    <ResultsByUsername__FlexTableRow>
      gameTitle
    </ResultsByUsername__FlexTableRow>
    <ResultsByUsername__FlexTableRow>
      gameInfo.location
    </ResultsByUsername__FlexTableRow>
  </ResultsByUsername__FlexTableColumn>
</ResultsByUsername__FlexTableContainer>
`;
