// Jest Snapshot v1, https://goo.gl/fbAQLP

exports[`ResultsList should render correctly 1`] = `
<div
  className="results-list"
>
  <div
    className="results-button-row"
  >
    <span>
      sortBy
       
    </span>
    <button
      disabled={false}
      key="username"
      onClick={[Function]}
      value="username"
    >
      username
    </button>
    <button
      disabled={false}
      key="gameTitle"
      onClick={[Function]}
      value="gameTitle"
    >
      gameTitle
    </button>
    <ResultsList__FindField>
      <span>
        find
         
      </span>
      <span>
        <ResultsList__Input
          onChange={[Function]}
          type="text"
          value=""
        />
      </span>
    </ResultsList__FindField>
  </div>
</div>
`;
