// Jest Snapshot v1, https://goo.gl/fbAQLP

exports[`Errors should render correctly 1`] = `
<span>
  error
</span>
`;
