// Jest Snapshot v1, https://goo.gl/fbAQLP

exports[`TimesDropdown should render correctly 1`] = `
<div
  className="times-dropdown"
>
  <select
    onChange={[Function]}
    value=""
  />
</div>
`;
