// Jest Snapshot v1, https://goo.gl/fbAQLP

exports[`Hidden should render correctly 1`] = `
<div
  className="hidden"
>
  <h3>
    hiddenGames
  </h3>
  <ul />
</div>
`;
