// Jest Snapshot v1, https://goo.gl/fbAQLP

exports[`MySignupsList should render correctly 1`] = `
<div
  className="my-signups-list"
>
  <h3>
    signedGames
  </h3>
  <MySignupsList__MySignupsGames>
    <span>
      noSignedGames
    </span>
  </MySignupsList__MySignupsGames>
</div>
`;
