// Jest Snapshot v1, https://goo.gl/fbAQLP

exports[`ResultsByStartTimes should render correctly 1`] = `
<div
  className="start-times-list"
/>
`;
